// Vitest Snapshot v1, https://vitest.dev/guide/snapshot.html

exports[`R8 — the draft preview route answers as before the move > every branch of the dispatch 1`] = `
"400 {"ok":false,"windowDays":7,"selected":0,"measurable":0,"inScope":0,"matched":0,"noChange":0,"rows":[],"error":"not_a_budget_draft"}
200 {"ok":true,"windowDays":7,"selected":0,"measurable":0,"inScope":0,"matched":0,"noChange":0,"rows":[]}
200 {"ok":true,"windowDays":7,"selected":0,"measurable":0,"inScope":0,"matched":0,"noChange":0,"governedMatched":0,"readAt":"<time>","rows":[]}
200 {"ok":true,"windowDays":14,"selected":0,"selectedTargets":0,"measurable":0,"inScope":0,"matched":0,"noChange":0,"refusedNoSignal":0,"suppressedMatched":0,"suppressedUnflaggedMatched":0,"campaignSuppressedMatched":0,"floor":{"minClicks":1},"rows":[]}
200 {"ok":true,"windowDays":30,"selected":0,"measurable":0,"inScope":0,"matched":0,"noChange":0,"suppressedMatched":0,"suppressedUnflaggedMatched":0,"campaignSuppressedMatched":0,"eligible":0,"notEnabled":0,"selectedTargets":0,"periods":[{"marketplace":"IT","week":null,"ageDays":null,"refused":true,"reason":"no-data"},{"marketplace":"DE","week":null,"ageDays":null,"refused":true,"reason":"no-data"},{"marketplace":"ES","week":null,"ageDays":null,"refused":true,"reason":"no-data"},{"marketplace":"FR","week":null,"ageDays":null,"refused":true,"reason":"no-data"}],"rows":[]}
200 {"ok":true,"windowDays":30,"selected":0,"measurable":0,"inScope":0,"matched":0,"noChange":0,"rows":[],"refusedSuppressed":0,"suppressedMatched":0,"suppressedUnflaggedMatched":0,"campaignSuppressedMatched":0,"feed":{"rows":0,"keywords":0,"markets":0,"newestCapturedAt":null,"coveredTargets":0,"totalTargets":0,"measured":{"maxAgeDays":14,"freshRows":0,"organicRank":0,"sponsoredRank":0,"searchVolume":0}},"readAt":"<time>"}
400 {"ok":false,"windowDays":7,"selected":0,"measurable":0,"inScope":0,"matched":0,"noChange":0,"rows":[],"error":"not_a_budget_draft"}"
`;
