// Vitest Snapshot v1, https://vitest.dev/guide/snapshot.html

exports[`W3-2 — the campaign guardrail and pin routes answer as before the move > every outcome 1`] = `
"PATCH /api/advertising/campaigns/nope/guardrails {"maxBidChangePct":10} → 404 {"error":"campaign not found"}
  stored {"minBidCents":null,"maxBidCents":null,"minBudgetCents":null,"maxBudgetCents":null,"budgetBaselineCents":null,"pinBids":false,"pinBudget":false,"pinPlacement":false,"pinNote":null,"pinnedBy":null,"dynamicBidding":{"placementBidding":[{"placement":"PLACEMENT_TOP","percentage":20}]}}
PATCH /api/advertising/campaigns/<id1>/guardrails {} → 200 {"ok":true,"maxBidChangePct":null,"maxWritesPerDay":null,"minBidCents":null,"maxBidCents":null,"minBudgetCents":null,"maxBudgetCents":null,"budgetBaselineCents":null}
  stored {"minBidCents":null,"maxBidCents":null,"minBudgetCents":null,"maxBudgetCents":null,"budgetBaselineCents":null,"pinBids":false,"pinBudget":false,"pinPlacement":false,"pinNote":null,"pinnedBy":null,"dynamicBidding":{"placementBidding":[{"placement":"PLACEMENT_TOP","percentage":20}]}}
PATCH /api/advertising/campaigns/<id1>/guardrails {"minBidCents":300,"maxBidCents":200} → 400 {"ok":false,"error":"minBidCents cannot exceed maxBidCents"}
  stored {"minBidCents":null,"maxBidCents":null,"minBudgetCents":null,"maxBudgetCents":null,"budgetBaselineCents":null,"pinBids":false,"pinBudget":false,"pinPlacement":false,"pinNote":null,"pinnedBy":null,"dynamicBidding":{"placementBidding":[{"placement":"PLACEMENT_TOP","percentage":20}]}}
PATCH /api/advertising/campaigns/<id1>/guardrails {"minBidCents":-1} → 400 {"ok":false,"error":"minBidCents must be a non-negative number"}
  stored {"minBidCents":null,"maxBidCents":null,"minBudgetCents":null,"maxBudgetCents":null,"budgetBaselineCents":null,"pinBids":false,"pinBudget":false,"pinPlacement":false,"pinNote":null,"pinnedBy":null,"dynamicBidding":{"placementBidding":[{"placement":"PLACEMENT_TOP","percentage":20}]}}
PATCH /api/advertising/campaigns/<id1>/guardrails {"maxBidCents":100001} → 400 {"ok":false,"error":"maxBidCents must be <= 100000"}
  stored {"minBidCents":null,"maxBidCents":null,"minBudgetCents":null,"maxBudgetCents":null,"budgetBaselineCents":null,"pinBids":false,"pinBudget":false,"pinPlacement":false,"pinNote":null,"pinnedBy":null,"dynamicBidding":{"placementBidding":[{"placement":"PLACEMENT_TOP","percentage":20}]}}
PATCH /api/advertising/campaigns/<id1>/guardrails {"minBidCents":20,"maxBidCents":150} → 200 {"ok":true,"maxBidChangePct":null,"maxWritesPerDay":null,"minBidCents":20,"maxBidCents":150,"minBudgetCents":null,"maxBudgetCents":null,"budgetBaselineCents":null}
  stored {"minBidCents":20,"maxBidCents":150,"minBudgetCents":null,"maxBudgetCents":null,"budgetBaselineCents":null,"pinBids":false,"pinBudget":false,"pinPlacement":false,"pinNote":null,"pinnedBy":null,"dynamicBidding":{"placementBidding":[{"placement":"PLACEMENT_TOP","percentage":20}]}}
PATCH /api/advertising/campaigns/<id1>/guardrails {"maxBidCents":10} → 400 {"ok":false,"error":"would leave \\"PARITY CAMPAIGN\\" with min 20¢ > max 10¢"}
  stored {"minBidCents":20,"maxBidCents":150,"minBudgetCents":null,"maxBudgetCents":null,"budgetBaselineCents":null,"pinBids":false,"pinBudget":false,"pinPlacement":false,"pinNote":null,"pinnedBy":null,"dynamicBidding":{"placementBidding":[{"placement":"PLACEMENT_TOP","percentage":20}]}}
PATCH /api/advertising/campaigns/<id1>/guardrails {"maxBidCents":null} → 200 {"ok":true,"maxBidChangePct":null,"maxWritesPerDay":null,"minBidCents":20,"maxBidCents":null,"minBudgetCents":null,"maxBudgetCents":null,"budgetBaselineCents":null}
  stored {"minBidCents":20,"maxBidCents":null,"minBudgetCents":null,"maxBudgetCents":null,"budgetBaselineCents":null,"pinBids":false,"pinBudget":false,"pinPlacement":false,"pinNote":null,"pinnedBy":null,"dynamicBidding":{"placementBidding":[{"placement":"PLACEMENT_TOP","percentage":20}]}}
PATCH /api/advertising/campaigns/<id1>/guardrails {"minBudgetCents":99} → 400 {"ok":false,"error":"minBudgetCents must be ≥ 100 cents (Amazon's own floor is €1) or null"}
  stored {"minBidCents":20,"maxBidCents":null,"minBudgetCents":null,"maxBudgetCents":null,"budgetBaselineCents":null,"pinBids":false,"pinBudget":false,"pinPlacement":false,"pinNote":null,"pinnedBy":null,"dynamicBidding":{"placementBidding":[{"placement":"PLACEMENT_TOP","percentage":20}]}}
PATCH /api/advertising/campaigns/<id1>/guardrails {"minBudgetCents":5000,"maxBudgetCents":2000} → 400 {"ok":false,"error":"minBudgetCents (€50.00) is above maxBudgetCents (€20.00)"}
  stored {"minBidCents":20,"maxBidCents":null,"minBudgetCents":null,"maxBudgetCents":null,"budgetBaselineCents":null,"pinBids":false,"pinBudget":false,"pinPlacement":false,"pinNote":null,"pinnedBy":null,"dynamicBidding":{"placementBidding":[{"placement":"PLACEMENT_TOP","percentage":20}]}}
PATCH /api/advertising/campaigns/<id1>/guardrails {"minBudgetCents":500,"maxBudgetCents":4000,"budgetBaselineCents":1500} → 200 {"ok":true,"maxBidChangePct":null,"maxWritesPerDay":null,"minBidCents":20,"maxBidCents":null,"minBudgetCents":500,"maxBudgetCents":4000,"budgetBaselineCents":1500}
  stored {"minBidCents":20,"maxBidCents":null,"minBudgetCents":500,"maxBudgetCents":4000,"budgetBaselineCents":1500,"pinBids":false,"pinBudget":false,"pinPlacement":false,"pinNote":null,"pinnedBy":null,"dynamicBidding":{"placementBidding":[{"placement":"PLACEMENT_TOP","percentage":20}]}}
PATCH /api/advertising/campaigns/<id1>/guardrails {"maxBudgetCents":null} → 200 {"ok":true,"maxBidChangePct":null,"maxWritesPerDay":null,"minBidCents":20,"maxBidCents":null,"minBudgetCents":500,"maxBudgetCents":null,"budgetBaselineCents":1500}
  stored {"minBidCents":20,"maxBidCents":null,"minBudgetCents":500,"maxBudgetCents":null,"budgetBaselineCents":1500,"pinBids":false,"pinBudget":false,"pinPlacement":false,"pinNote":null,"pinnedBy":null,"dynamicBidding":{"placementBidding":[{"placement":"PLACEMENT_TOP","percentage":20}]}}
PATCH /api/advertising/campaigns/<id1>/guardrails {"maxBidChangePct":25} → 200 {"ok":true,"maxBidChangePct":25,"maxWritesPerDay":null,"minBidCents":20,"maxBidCents":null,"minBudgetCents":500,"maxBudgetCents":null,"budgetBaselineCents":1500}
  stored {"minBidCents":20,"maxBidCents":null,"minBudgetCents":500,"maxBudgetCents":null,"budgetBaselineCents":1500,"pinBids":false,"pinBudget":false,"pinPlacement":false,"pinNote":null,"pinnedBy":null,"dynamicBidding":{"maxBidChangePct":25,"placementBidding":[{"placement":"PLACEMENT_TOP","percentage":20}]}}
PATCH /api/advertising/campaigns/<id1>/guardrails {"maxBidChangePct":900} → 200 {"ok":true,"maxBidChangePct":500,"maxWritesPerDay":null,"minBidCents":20,"maxBidCents":null,"minBudgetCents":500,"maxBudgetCents":null,"budgetBaselineCents":1500}
  stored {"minBidCents":20,"maxBidCents":null,"minBudgetCents":500,"maxBudgetCents":null,"budgetBaselineCents":1500,"pinBids":false,"pinBudget":false,"pinPlacement":false,"pinNote":null,"pinnedBy":null,"dynamicBidding":{"maxBidChangePct":500,"placementBidding":[{"placement":"PLACEMENT_TOP","percentage":20}]}}
PATCH /api/advertising/campaigns/<id1>/guardrails {"maxBidChangePct":12.5,"maxWritesPerDay":40} → 200 {"ok":true,"maxBidChangePct":12.5,"maxWritesPerDay":40,"minBidCents":20,"maxBidCents":null,"minBudgetCents":500,"maxBudgetCents":null,"budgetBaselineCents":1500}
  stored {"minBidCents":20,"maxBidCents":null,"minBudgetCents":500,"maxBudgetCents":null,"budgetBaselineCents":1500,"pinBids":false,"pinBudget":false,"pinPlacement":false,"pinNote":null,"pinnedBy":null,"dynamicBidding":{"maxBidChangePct":12.5,"maxWritesPerDay":40,"placementBidding":[{"placement":"PLACEMENT_TOP","percentage":20}]}}
PATCH /api/advertising/campaigns/<id1>/guardrails {"maxBidChangePct":null,"maxWritesPerDay":0} → 200 {"ok":true,"maxBidChangePct":null,"maxWritesPerDay":null,"minBidCents":20,"maxBidCents":null,"minBudgetCents":500,"maxBudgetCents":null,"budgetBaselineCents":1500}
  stored {"minBidCents":20,"maxBidCents":null,"minBudgetCents":500,"maxBudgetCents":null,"budgetBaselineCents":1500,"pinBids":false,"pinBudget":false,"pinPlacement":false,"pinNote":null,"pinnedBy":null,"dynamicBidding":{"placementBidding":[{"placement":"PLACEMENT_TOP","percentage":20}]}}
PATCH /api/advertising/campaigns/<id1>/guardrails {"maxBidChangePct":0,"minBidCents":null,"budgetBaselineCents":null} → 200 {"ok":true,"maxBidChangePct":null,"maxWritesPerDay":null,"minBidCents":null,"maxBidCents":null,"minBudgetCents":500,"maxBudgetCents":null,"budgetBaselineCents":null}
  stored {"minBidCents":null,"maxBidCents":null,"minBudgetCents":500,"maxBudgetCents":null,"budgetBaselineCents":null,"pinBids":false,"pinBudget":false,"pinPlacement":false,"pinNote":null,"pinnedBy":null,"dynamicBidding":{"placementBidding":[{"placement":"PLACEMENT_TOP","percentage":20}]}}
PATCH /api/advertising/campaigns/nope/pins {"pinBids":true} → 404 {"error":"campaign not found"}
  stored {"minBidCents":null,"maxBidCents":null,"minBudgetCents":500,"maxBudgetCents":null,"budgetBaselineCents":null,"pinBids":false,"pinBudget":false,"pinPlacement":false,"pinNote":null,"pinnedBy":null,"dynamicBidding":{"placementBidding":[{"placement":"PLACEMENT_TOP","percentage":20}]}}
PATCH /api/advertising/campaigns/<id1>/pins {} → 400 {"ok":false,"error":"no pin fields supplied"}
  stored {"minBidCents":null,"maxBidCents":null,"minBudgetCents":500,"maxBudgetCents":null,"budgetBaselineCents":null,"pinBids":false,"pinBudget":false,"pinPlacement":false,"pinNote":null,"pinnedBy":null,"dynamicBidding":{"placementBidding":[{"placement":"PLACEMENT_TOP","percentage":20}]}}
PATCH /api/advertising/campaigns/<id1>/pins {"pinBids":true,"pinNote":"  held by hand  "} → 200 {"ok":true,"campaignId":"<id1>","pinPlacement":false,"pinBids":true,"pinBudget":false,"pinNote":"held by hand","pinnedBy":"user:parity-person","pinnedAt":"<time>"}
  stored {"minBidCents":null,"maxBidCents":null,"minBudgetCents":500,"maxBudgetCents":null,"budgetBaselineCents":null,"pinBids":true,"pinBudget":false,"pinPlacement":false,"pinNote":"held by hand","pinnedBy":"user:parity-person","dynamicBidding":{"placementBidding":[{"placement":"PLACEMENT_TOP","percentage":20}]}}
PATCH /api/advertising/campaigns/<id1>/pins {"pinBudget":1,"pinPlacement":true,"pinNote":"xxxxxxxxxxxxxxxxxxxxxxxxxxxxxxxxxxxxxxxxxxxxxxxxxxxxxxxxxxxxxxxxxxxxxxxxxxxxxxxxxxxxxxxxxxxxxxxxxxxxxxxxxxxxxxxxxxxxxxxxxxxxxxxxxxxxxxxxxxxxxxxxxxxxxxxxxxxxxxxxxxxxxxxxxxxxxxxxxxxxxxxxxxxxxxxxxxxxxxxxxxxxxxxxxxxxxxxxxxxxxxxxxxxxxxxxxxxxxxxxxxxxxxxxxxxxxxxxxxxxxxxxxxxxxxxxxxxxxxxxxxxxxxxxxxxxxxxxxxxx"} → 200 {"ok":true,"campaignId":"<id1>","pinPlacement":true,"pinBids":true,"pinBudget":true,"pinNote":"xxxxxxxxxxxxxxxxxxxxxxxxxxxxxxxxxxxxxxxxxxxxxxxxxxxxxxxxxxxxxxxxxxxxxxxxxxxxxxxxxxxxxxxxxxxxxxxxxxxxxxxxxxxxxxxxxxxxxxxxxxxxxxxxxxxxxxxxxxxxxxxxxxxxxxxxxxxxxxxxxxxxxxxxxxxxxxxxxxxxxxxxxxxxxxxxxxxxxxxxxxxxxxxxxxxxxxxxxxxxxxxxxxxxxxxxxxxxxxxxxxxxxxxxxxxxxxxxxxxxxxxxxxxxxxxxxxxxxxxx","pinnedBy":"user:parity-person","pinnedAt":"<time>"}
  stored {"minBidCents":null,"maxBidCents":null,"minBudgetCents":500,"maxBudgetCents":null,"budgetBaselineCents":null,"pinBids":true,"pinBudget":true,"pinPlacement":true,"pinNote":"xxxxxxxxxxxxxxxxxxxxxxxxxxxxxxxxxxxxxxxxxxxxxxxxxxxxxxxxxxxxxxxxxxxxxxxxxxxxxxxxxxxxxxxxxxxxxxxxxxxxxxxxxxxxxxxxxxxxxxxxxxxxxxxxxxxxxxxxxxxxxxxxxxxxxxxxxxxxxxxxxxxxxxxxxxxxxxxxxxxxxxxxxxxxxxxxxxxxxxxxxxxxxxxxxxxxxxxxxxxxxxxxxxxxxxxxxxxxxxxxxxxxxxxxxxxxxxxxxxxxxxxxxxxxxxxxxxxxxxxx","pinnedBy":"user:parity-person","dynamicBidding":{"placementBidding":[{"placement":"PLACEMENT_TOP","percentage":20}]}}
PATCH /api/advertising/campaigns/<id1>/pins {"pinNote":"   "} → 200 {"ok":true,"campaignId":"<id1>","pinPlacement":true,"pinBids":true,"pinBudget":true,"pinNote":null,"pinnedBy":"user:parity-person","pinnedAt":"<time>"}
  stored {"minBidCents":null,"maxBidCents":null,"minBudgetCents":500,"maxBudgetCents":null,"budgetBaselineCents":null,"pinBids":true,"pinBudget":true,"pinPlacement":true,"pinNote":null,"pinnedBy":"user:parity-person","dynamicBidding":{"placementBidding":[{"placement":"PLACEMENT_TOP","percentage":20}]}}
PATCH /api/advertising/campaigns/<id1>/pins {"pinBids":false} → 200 {"ok":true,"campaignId":"<id1>","pinPlacement":true,"pinBids":false,"pinBudget":true,"pinNote":null,"pinnedBy":"user:parity-person","pinnedAt":"<time>"}
  stored {"minBidCents":null,"maxBidCents":null,"minBudgetCents":500,"maxBudgetCents":null,"budgetBaselineCents":null,"pinBids":false,"pinBudget":true,"pinPlacement":true,"pinNote":null,"pinnedBy":"user:parity-person","dynamicBidding":{"placementBidding":[{"placement":"PLACEMENT_TOP","percentage":20}]}}
PATCH /api/advertising/campaigns/<id1>/pins {"pinBudget":false,"pinPlacement":false,"pinNote":"stays?"} → 200 {"ok":true,"campaignId":"<id1>","pinPlacement":false,"pinBids":false,"pinBudget":false,"pinNote":null,"pinnedBy":null,"pinnedAt":null}
  stored {"minBidCents":null,"maxBidCents":null,"minBudgetCents":500,"maxBudgetCents":null,"budgetBaselineCents":null,"pinBids":false,"pinBudget":false,"pinPlacement":false,"pinNote":null,"pinnedBy":null,"dynamicBidding":{"placementBidding":[{"placement":"PLACEMENT_TOP","percentage":20}]}}
PATCH /api/advertising/campaigns/nope/cpc-ceiling {"enabled":true} → 404 {"error":"campaign not found"}
  stored {"minBidCents":null,"maxBidCents":null,"minBudgetCents":500,"maxBudgetCents":null,"budgetBaselineCents":null,"pinBids":false,"pinBudget":false,"pinPlacement":false,"pinNote":null,"pinnedBy":null,"dynamicBidding":{"placementBidding":[{"placement":"PLACEMENT_TOP","percentage":20}]}}
PATCH /api/advertising/campaigns/<id1>/cpc-ceiling {"enabled":true,"multiple":2} → 200 {"ok":true,"cpcCeiling":{"enabled":true,"multiple":2}}
  stored {"minBidCents":null,"maxBidCents":null,"minBudgetCents":500,"maxBudgetCents":null,"budgetBaselineCents":null,"pinBids":false,"pinBudget":false,"pinPlacement":false,"pinNote":null,"pinnedBy":null,"dynamicBidding":{"cpcCeiling":{"enabled":true,"multiple":2},"placementBidding":[{"placement":"PLACEMENT_TOP","percentage":20}]}}
PATCH /api/advertising/campaigns/<id1>/cpc-ceiling {"enabled":true,"multiple":20} → 200 {"ok":true,"cpcCeiling":{"enabled":true,"multiple":10}}
  stored {"minBidCents":null,"maxBidCents":null,"minBudgetCents":500,"maxBudgetCents":null,"budgetBaselineCents":null,"pinBids":false,"pinBudget":false,"pinPlacement":false,"pinNote":null,"pinnedBy":null,"dynamicBidding":{"cpcCeiling":{"enabled":true,"multiple":10},"placementBidding":[{"placement":"PLACEMENT_TOP","percentage":20}]}}
PATCH /api/advertising/campaigns/<id1>/cpc-ceiling {"multiple":0.5} → 200 {"ok":true,"cpcCeiling":{"enabled":false,"multiple":1}}
  stored {"minBidCents":null,"maxBidCents":null,"minBudgetCents":500,"maxBudgetCents":null,"budgetBaselineCents":null,"pinBids":false,"pinBudget":false,"pinPlacement":false,"pinNote":null,"pinnedBy":null,"dynamicBidding":{"cpcCeiling":{"enabled":false,"multiple":1},"placementBidding":[{"placement":"PLACEMENT_TOP","percentage":20}]}}
PATCH /api/advertising/campaigns/<id1>/cpc-ceiling {} → 200 {"ok":true,"cpcCeiling":{"enabled":false,"multiple":1.5}}
  stored {"minBidCents":null,"maxBidCents":null,"minBudgetCents":500,"maxBudgetCents":null,"budgetBaselineCents":null,"pinBids":false,"pinBudget":false,"pinPlacement":false,"pinNote":null,"pinnedBy":null,"dynamicBidding":{"cpcCeiling":{"enabled":false,"multiple":1.5},"placementBidding":[{"placement":"PLACEMENT_TOP","percentage":20}]}}
log {"userId":"user:parity-person","actionType":"set_campaign_bid_bounds","entityType":"CAMPAIGN","payloadBefore":{"maxBidCents":null,"minBidCents":null},"payloadAfter":{"maxBidCents":150,"minBidCents":20},"amazonResponseStatus":"SUCCESS","evidence":{"note":"Absolute bid bounds; enforced at the write gate, never pushed to Amazon.","metric":"operator_guardrail"}}
log {"userId":"user:parity-person","actionType":"set_campaign_bid_bounds","entityType":"CAMPAIGN","payloadBefore":{"maxBidCents":150,"minBidCents":20},"payloadAfter":{"maxBidCents":null},"amazonResponseStatus":"SUCCESS","evidence":{"note":"Absolute bid bounds; enforced at the write gate, never pushed to Amazon.","metric":"operator_guardrail"}}
log {"userId":"user:parity-person","actionType":"set_campaign_budget_bounds","entityType":"CAMPAIGN","payloadBefore":{"maxBudgetCents":null,"minBudgetCents":null,"budgetBaselineCents":null},"payloadAfter":{"maxBudgetCents":4000,"minBudgetCents":500,"budgetBaselineCents":1500},"amazonResponseStatus":"SUCCESS","evidence":{"note":"Budget bounds + baseline; bounds enforced at the write gate, the baseline anchors relative budget rules. Never pushed to Amazon.","metric":"operator_guardrail"}}
log {"userId":"user:parity-person","actionType":"set_campaign_budget_bounds","entityType":"CAMPAIGN","payloadBefore":{"maxBudgetCents":4000,"minBudgetCents":500,"budgetBaselineCents":1500},"payloadAfter":{"maxBudgetCents":null,"minBudgetCents":500,"budgetBaselineCents":1500},"amazonResponseStatus":"SUCCESS","evidence":{"note":"Budget bounds + baseline; bounds enforced at the write gate, the baseline anchors relative budget rules. Never pushed to Amazon.","metric":"operator_guardrail"}}
log {"userId":"user:parity-person","actionType":"set_campaign_budget_bounds","entityType":"CAMPAIGN","payloadBefore":{"maxBudgetCents":null,"minBudgetCents":500,"budgetBaselineCents":1500},"payloadAfter":{"maxBudgetCents":null,"minBudgetCents":500,"budgetBaselineCents":null},"amazonResponseStatus":"SUCCESS","evidence":{"note":"Budget bounds + baseline; bounds enforced at the write gate, the baseline anchors relative budget rules. Never pushed to Amazon.","metric":"operator_guardrail"}}
log {"userId":"user:parity-person","actionType":"set_campaign_bid_bounds","entityType":"CAMPAIGN","payloadBefore":{"maxBidCents":null,"minBidCents":20},"payloadAfter":{"minBidCents":null},"amazonResponseStatus":"SUCCESS","evidence":{"note":"Absolute bid bounds; enforced at the write gate, never pushed to Amazon.","metric":"operator_guardrail"}}
log {"userId":"user:parity-person","actionType":"set_campaign_authority_pins","entityType":"CAMPAIGN","payloadBefore":{"pinBids":false,"pinNote":null,"pinBudget":false,"pinPlacement":false},"payloadAfter":{"pinBids":true,"pinNote":"held by hand","pinBudget":false,"pinPlacement":false},"amazonResponseStatus":"SUCCESS","evidence":{"note":"Per-dimension hands-off pin; enforced at the write gate, never pushed to Amazon.","metric":"operator_authority_pin"}}
log {"userId":"user:parity-person","actionType":"set_campaign_authority_pins","entityType":"CAMPAIGN","payloadBefore":{"pinBids":true,"pinNote":"held by hand","pinBudget":false,"pinPlacement":false},"payloadAfter":{"pinBids":true,"pinNote":"xxxxxxxxxxxxxxxxxxxxxxxxxxxxxxxxxxxxxxxxxxxxxxxxxxxxxxxxxxxxxxxxxxxxxxxxxxxxxxxxxxxxxxxxxxxxxxxxxxxxxxxxxxxxxxxxxxxxxxxxxxxxxxxxxxxxxxxxxxxxxxxxxxxxxxxxxxxxxxxxxxxxxxxxxxxxxxxxxxxxxxxxxxxxxxxxxxxxxxxxxxxxxxxxxxxxxxxxxxxxxxxxxxxxxxxxxxxxxxxxxxxxxxxxxxxxxxxxxxxxxxxxxxxxxxxxxxxxxxxx","pinBudget":true,"pinPlacement":true},"amazonResponseStatus":"SUCCESS","evidence":{"note":"Per-dimension hands-off pin; enforced at the write gate, never pushed to Amazon.","metric":"operator_authority_pin"}}
log {"userId":"user:parity-person","actionType":"set_campaign_authority_pins","entityType":"CAMPAIGN","payloadBefore":{"pinBids":true,"pinNote":"xxxxxxxxxxxxxxxxxxxxxxxxxxxxxxxxxxxxxxxxxxxxxxxxxxxxxxxxxxxxxxxxxxxxxxxxxxxxxxxxxxxxxxxxxxxxxxxxxxxxxxxxxxxxxxxxxxxxxxxxxxxxxxxxxxxxxxxxxxxxxxxxxxxxxxxxxxxxxxxxxxxxxxxxxxxxxxxxxxxxxxxxxxxxxxxxxxxxxxxxxxxxxxxxxxxxxxxxxxxxxxxxxxxxxxxxxxxxxxxxxxxxxxxxxxxxxxxxxxxxxxxxxxxxxxxxxxxxxxxx","pinBudget":true,"pinPlacement":true},"payloadAfter":{"pinBids":true,"pinNote":null,"pinBudget":true,"pinPlacement":true},"amazonResponseStatus":"SUCCESS","evidence":{"note":"Per-dimension hands-off pin; enforced at the write gate, never pushed to Amazon.","metric":"operator_authority_pin"}}
log {"userId":"user:parity-person","actionType":"set_campaign_authority_pins","entityType":"CAMPAIGN","payloadBefore":{"pinBids":true,"pinNote":null,"pinBudget":true,"pinPlacement":true},"payloadAfter":{"pinBids":false,"pinNote":null,"pinBudget":true,"pinPlacement":true},"amazonResponseStatus":"SUCCESS","evidence":{"note":"Per-dimension hands-off pin; enforced at the write gate, never pushed to Amazon.","metric":"operator_authority_pin"}}
log {"userId":"user:parity-person","actionType":"set_campaign_authority_pins","entityType":"CAMPAIGN","payloadBefore":{"pinBids":false,"pinNote":null,"pinBudget":true,"pinPlacement":true},"payloadAfter":{"pinBids":false,"pinNote":null,"pinBudget":false,"pinPlacement":false},"amazonResponseStatus":"SUCCESS","evidence":{"note":"Per-dimension hands-off pin; enforced at the write gate, never pushed to Amazon.","metric":"operator_authority_pin"}}"
`;
