// Vitest Snapshot v1, https://vitest.dev/guide/snapshot.html

exports[`W4-1 — the lightweight PATCH answers as before the move > every outcome, the versions it writes and the members it switches 1`] = `
"400 {"error":"nothing to update"}
400 {"error":"name is required"}
409 {"error":"Another schedule in this scope is already called \\"PARITY twin\\"."}
200 {"workspaceId":"nexus_legacy_workspace","id":"<id1>","name":"PARITY plan renamed","marketplace":"IT","timezone":"Europe/Rome","windows":[{"days":[1,2,3,4,5],"endHour":22,"startHour":18,"targetKey":"own-top"}],"defaultTargetKey":"rest-of-search","targetOverrides":{},"portfolioId":null,"enabled":true,"createdAt":"<time>","updatedAt":"<time>","createdBy":null}
200 {"workspaceId":"nexus_legacy_workspace","id":"<id1>","name":"PARITY plan renamed","marketplace":"IT","timezone":"Europe/Rome","windows":[{"days":[1,2,3,4,5],"endHour":22,"startHour":18,"targetKey":"own-top"}],"defaultTargetKey":"rest-of-search","targetOverrides":{},"portfolioId":null,"enabled":false,"createdAt":"<time>","updatedAt":"<time>","createdBy":null,"release":{"restored":0,"keptByOthers":0,"failed":0,"deferred":0,"deferredWhy":null,"writes":0,"campaigns":[{"campaignId":"<id2>","outcome":"nothing","writes":0},{"campaignId":"<id3>","outcome":"nothing","writes":0}]}}
200 {"workspaceId":"nexus_legacy_workspace","id":"<id1>","name":"PARITY plan renamed","marketplace":"IT","timezone":"Europe/Rome","windows":[{"days":[1,2,3,4,5],"endHour":22,"startHour":18,"targetKey":"own-top"}],"defaultTargetKey":"rest-of-search","targetOverrides":{},"portfolioId":null,"enabled":true,"createdAt":"<time>","updatedAt":"<time>","createdBy":null}
200 {"workspaceId":"nexus_legacy_workspace","id":"<id1>","name":"PARITY plan renamed","marketplace":"IT","timezone":"Europe/Rome","windows":[{"days":[1,2,3,4,5],"endHour":22,"startHour":18,"targetKey":"own-top"}],"defaultTargetKey":"rest-of-search","targetOverrides":{},"portfolioId":null,"enabled":true,"createdAt":"<time>","updatedAt":"<time>","createdBy":null}
200 {"workspaceId":"nexus_legacy_workspace","id":"<id1>","name":"PARITY plan renamed","marketplace":"IT","timezone":"Europe/Berlin","windows":[],"defaultTargetKey":"own-top","targetOverrides":{},"portfolioId":null,"enabled":true,"createdAt":"<time>","updatedAt":"<time>","createdBy":null}
versions [{"name":"PARITY plan renamed","enabled":true,"campaignCount":2,"defaultTargetKey":"rest-of-search","windows":[{"days":[1,2,3,4,5],"endHour":22,"startHour":18,"targetKey":"own-top"}],"changedBy":"user:u-parity"},{"name":"PARITY plan renamed","enabled":false,"campaignCount":2,"defaultTargetKey":"rest-of-search","windows":[{"days":[1,2,3,4,5],"endHour":22,"startHour":18,"targetKey":"own-top"}],"changedBy":"user:anonymous"},{"name":"PARITY plan renamed","enabled":true,"campaignCount":2,"defaultTargetKey":"rest-of-search","windows":[{"days":[1,2,3,4,5],"endHour":22,"startHour":18,"targetKey":"own-top"}],"changedBy":"user:u-parity"},{"name":"PARITY plan renamed","enabled":true,"campaignCount":2,"defaultTargetKey":"own-top","windows":[],"changedBy":"user:u-parity"}]
members [{"name":"PARITY CAMPAIGN A — PARITY plan","enabled":true,"windows":[{"days":[1,2,3,4,5],"endHour":22,"startHour":18,"targetKey":"own-top"}],"defaultTargetKey":"rest-of-search"},{"name":"PARITY CAMPAIGN B — PARITY plan","enabled":true,"windows":[{"days":[1,2,3,4,5],"endHour":22,"startHour":18,"targetKey":"own-top"}],"defaultTargetKey":"rest-of-search"}]"
`;
