// Vitest Snapshot v1, https://vitest.dev/guide/snapshot.html

exports[`07 O13 — review request and reply: the routes answer exactly as before the move > reply: refusals; eBay sent and failed; Amazon recorded; a draft sent 1`] = `
[
  {
    "body": {
      "error": "not_found",
    },
    "status": 404,
  },
  {
    "body": {
      "error": "empty_body",
    },
    "status": 400,
  },
  {
    "body": {
      "code": "Success",
      "error": null,
      "ok": true,
      "response": {
        "body": "Thank you for your feedback",
        "channel": "EBAY",
        "createdAt": "<made>",
        "createdBy": "user:test",
        "errorMessage": null,
        "id": "<made>",
        "isAiDrafted": false,
        "locale": null,
        "model": null,
        "providerResponseCode": "Success",
        "reviewId": "test-review-ebay",
        "sentAt": "<made>",
        "status": "SENT",
        "updatedAt": "<made>",
        "workspaceId": "<made>",
      },
    },
    "status": 200,
  },
  [
    {
      "body": "Thank you for your feedback",
      "channel": "EBAY",
      "createdBy": "user:test",
      "errorMessage": null,
      "isAiDrafted": false,
      "providerResponseCode": "Success",
      "sentAt": "<made>",
      "status": "SENT",
    },
  ],
  {
    "triageStatus": "RESPONDED",
    "triageUpdatedAt": "<made>",
  },
  {
    "body": {
      "code": "FAILURE",
      "error": "Test eBay refused",
      "ok": false,
      "response": {
        "body": "Sorry about that",
        "channel": "EBAY",
        "createdAt": "<made>",
        "createdBy": "user:anonymous",
        "errorMessage": "Test eBay refused",
        "id": "<made>",
        "isAiDrafted": false,
        "locale": null,
        "model": null,
        "providerResponseCode": "FAILURE",
        "reviewId": "test-review-ebay-fail",
        "sentAt": null,
        "status": "FAILED",
        "updatedAt": "<made>",
        "workspaceId": "<made>",
      },
    },
    "status": 502,
  },
  [
    {
      "body": "Sorry about that",
      "channel": "EBAY",
      "createdBy": "user:anonymous",
      "errorMessage": "Test eBay refused",
      "isAiDrafted": false,
      "providerResponseCode": "FAILURE",
      "sentAt": null,
      "status": "FAILED",
    },
  ],
  {
    "triageStatus": null,
    "triageUpdatedAt": null,
  },
  {
    "body": {
      "code": "MANUAL",
      "error": null,
      "ok": true,
      "response": {
        "body": "Posted on Amazon",
        "channel": "AMAZON",
        "createdAt": "<made>",
        "createdBy": "user:anonymous",
        "errorMessage": null,
        "id": "<made>",
        "isAiDrafted": false,
        "locale": null,
        "model": null,
        "providerResponseCode": "MANUAL",
        "reviewId": "test-review-amazon",
        "sentAt": "<made>",
        "status": "SENT",
        "updatedAt": "<made>",
        "workspaceId": "<made>",
      },
    },
    "status": 200,
  },
  [
    {
      "body": "Posted on Amazon",
      "channel": "AMAZON",
      "createdBy": "user:anonymous",
      "errorMessage": null,
      "isAiDrafted": false,
      "providerResponseCode": "MANUAL",
      "sentAt": "<made>",
      "status": "SENT",
    },
  ],
  {
    "body": {
      "code": "Success",
      "error": null,
      "ok": true,
      "response": {
        "body": "Draft text, edited",
        "channel": "EBAY",
        "createdAt": "<made>",
        "createdBy": "user:anonymous",
        "errorMessage": null,
        "id": "<made>",
        "isAiDrafted": true,
        "locale": null,
        "model": null,
        "providerResponseCode": "Success",
        "reviewId": "test-review-draft",
        "sentAt": "<made>",
        "status": "SENT",
        "updatedAt": "<made>",
        "workspaceId": "<made>",
      },
    },
    "status": 200,
  },
  [
    {
      "body": "Draft text, edited",
      "channel": "EBAY",
      "createdBy": "user:anonymous",
      "errorMessage": null,
      "isAiDrafted": true,
      "providerResponseCode": "Success",
      "sentAt": "<made>",
      "status": "SENT",
    },
  ],
  [
    {
      "feedbackId": "TEST-FB-ebay",
      "text": "Thank you for your feedback",
    },
    {
      "feedbackId": "TEST-FB-ebay-fail",
      "text": "Sorry about that",
    },
    {
      "feedbackId": "TEST-FB-draft",
      "text": "Draft text, edited",
    },
  ],
  [
    {
      "channel": "EBAY",
      "reviewId": "test-review-ebay",
      "ts": "<made>",
      "type": "review.responded",
    },
    {
      "channel": "AMAZON",
      "reviewId": "test-review-amazon",
      "ts": "<made>",
      "type": "review.responded",
    },
    {
      "channel": "EBAY",
      "reviewId": "test-review-draft",
      "ts": "<made>",
      "type": "review.responded",
    },
  ],
]
`;

exports[`07 O13 — review request and reply: the routes answer exactly as before the move > request-review: Amazon live, dry run, failure, a retry of a failed one; a channel without a request API 1`] = `
[
  {
    "body": {
      "attemptCount": 0,
      "channel": "AMAZON",
      "createdAt": "<made>",
      "errorMessage": null,
      "id": "<made>",
      "lastAttemptAt": null,
      "marketplace": "IT",
      "nextRetryAt": null,
      "orderId": "test-order-live",
      "providerRequestId": null,
      "providerResponseCode": "OK",
      "ruleId": null,
      "scheduledFor": null,
      "sentAt": "<made>",
      "status": "SENT",
      "suppressedReason": null,
      "updatedAt": "<made>",
      "workspaceId": "<made>",
    },
    "status": 200,
  },
  [
    {
      "channel": "AMAZON",
      "errorMessage": null,
      "marketplace": "IT",
      "providerRequestId": null,
      "providerResponseCode": "OK",
      "ruleId": null,
      "sentAt": "<made>",
      "status": "SENT",
      "suppressedReason": null,
    },
  ],
  {
    "body": {
      "attemptCount": 0,
      "channel": "AMAZON",
      "createdAt": "<made>",
      "errorMessage": null,
      "id": "<made>",
      "lastAttemptAt": null,
      "marketplace": "IT",
      "nextRetryAt": null,
      "orderId": "test-order-dry",
      "providerRequestId": null,
      "providerResponseCode": "NOT_IMPLEMENTED",
      "ruleId": null,
      "scheduledFor": null,
      "sentAt": null,
      "status": "SKIPPED",
      "suppressedReason": "Amazon Solicitations gated by env (NEXUS_ENABLE_AMAZON_SOLICITATIONS)",
      "updatedAt": "<made>",
      "workspaceId": "<made>",
    },
    "status": 200,
  },
  [
    {
      "channel": "AMAZON",
      "errorMessage": null,
      "marketplace": "IT",
      "providerRequestId": null,
      "providerResponseCode": "NOT_IMPLEMENTED",
      "ruleId": null,
      "sentAt": null,
      "status": "SKIPPED",
      "suppressedReason": "Amazon Solicitations gated by env (NEXUS_ENABLE_AMAZON_SOLICITATIONS)",
    },
  ],
  {
    "body": {
      "attemptCount": 0,
      "channel": "AMAZON",
      "createdAt": "<made>",
      "errorMessage": "HTTP 500 test failure",
      "id": "<made>",
      "lastAttemptAt": null,
      "marketplace": "IT",
      "nextRetryAt": null,
      "orderId": "test-order-fail",
      "providerRequestId": null,
      "providerResponseCode": "HTTP_500",
      "ruleId": null,
      "scheduledFor": null,
      "sentAt": null,
      "status": "FAILED",
      "suppressedReason": null,
      "updatedAt": "<made>",
      "workspaceId": "<made>",
    },
    "status": 200,
  },
  [
    {
      "channel": "AMAZON",
      "errorMessage": "HTTP 500 test failure",
      "marketplace": "IT",
      "providerRequestId": null,
      "providerResponseCode": "HTTP_500",
      "ruleId": null,
      "sentAt": null,
      "status": "FAILED",
      "suppressedReason": null,
    },
  ],
  {
    "body": {
      "attemptCount": 0,
      "channel": "AMAZON",
      "createdAt": "<made>",
      "errorMessage": null,
      "id": "<made>",
      "lastAttemptAt": null,
      "marketplace": "IT",
      "nextRetryAt": null,
      "orderId": "test-order-retry",
      "providerRequestId": null,
      "providerResponseCode": "OK",
      "ruleId": null,
      "scheduledFor": null,
      "sentAt": "<made>",
      "status": "SENT",
      "suppressedReason": null,
      "updatedAt": "<made>",
      "workspaceId": "<made>",
    },
    "status": 200,
  },
  [
    {
      "channel": "AMAZON",
      "errorMessage": null,
      "marketplace": "IT",
      "providerRequestId": null,
      "providerResponseCode": "OK",
      "ruleId": null,
      "sentAt": "<made>",
      "status": "SENT",
      "suppressedReason": null,
    },
  ],
  {
    "body": {
      "attemptCount": 0,
      "channel": "SHOPIFY",
      "createdAt": "<made>",
      "errorMessage": null,
      "id": "<made>",
      "lastAttemptAt": null,
      "marketplace": "IT",
      "nextRetryAt": null,
      "orderId": "test-order-shopify",
      "providerRequestId": null,
      "providerResponseCode": null,
      "ruleId": null,
      "scheduledFor": null,
      "sentAt": null,
      "status": "SKIPPED",
      "suppressedReason": "Channel does not support native solicitation API — wire third-party app first",
      "updatedAt": "<made>",
      "workspaceId": "<made>",
    },
    "status": 200,
  },
  [
    {
      "channel": "SHOPIFY",
      "errorMessage": null,
      "marketplace": "IT",
      "providerRequestId": null,
      "providerResponseCode": null,
      "ruleId": null,
      "sentAt": null,
      "status": "SKIPPED",
      "suppressedReason": "Channel does not support native solicitation API — wire third-party app first",
    },
  ],
  [
    {
      "amazonOrderId": "TEST-AMZ-live",
      "marketplaceCode": "IT",
    },
    {
      "amazonOrderId": "TEST-AMZ-dry",
      "marketplaceCode": "IT",
    },
    {
      "amazonOrderId": "TEST-AMZ-fail",
      "marketplaceCode": "IT",
    },
    {
      "amazonOrderId": "TEST-AMZ-retry",
      "marketplaceCode": "IT",
    },
  ],
]
`;

exports[`07 O13 — review request and reply: the routes answer exactly as before the move > request-review: every refusal 1`] = `
[
  {
    "body": {
      "error": "Order not found",
    },
    "status": 404,
  },
  {
    "body": {
      "error": "Order not yet delivered",
    },
    "status": 400,
  },
  {
    "body": {
      "error": "Too soon — Amazon requires ≥4 days post-delivery",
    },
    "status": 400,
  },
  {
    "body": {
      "error": "Too late — Amazon blocks requests after 30 days",
    },
    "status": 400,
  },
  {
    "body": {
      "error": "Order has an active return — solicitation suppressed",
    },
    "status": 400,
  },
  {
    "body": {
      "error": "Order has a refund — solicitation suppressed",
    },
    "status": 400,
  },
  {
    "body": {
      "error": "Already SENT",
    },
    "status": 409,
  },
  {
    "body": {
      "error": "Missing amazonOrderId or unknown marketplace",
    },
    "status": 400,
  },
  [],
]
`;
